AR ffd behavioral C:/Users/Jabikun/Desktop/TDC/Py_SimpleMachine/FFD.vhd sub00/vhpl31 1454057850
AR display7seg_4on structural C:/Users/Jabikun/Desktop/TDC/Py_SimpleMachine/Display7Seg_4ON.vhd sub00/vhpl45 1454057878
EN reginst NULL C:/Users/Jabikun/Desktop/TDC/Py_SimpleMachine/RegInst.vhd sub00/vhpl12 1454057845
EN clk_1khz NULL C:/Users/Jabikun/Desktop/TDC/Py_SimpleMachine/CLK_1KHz.vhd sub00/vhpl42 1454057867
EN timer300ms NULL C:/Users/Jabikun/Desktop/TDC/Py_SimpleMachine/Timer300ms.vhd sub00/vhpl32 1454057851
AR mux4_4bits behavioral C:/Users/Jabikun/Desktop/TDC/Py_SimpleMachine/Mux4_4bits.vhd sub00/vhpl37 1454057862
EN memo_datapath NULL C:/Users/Jabikun/Desktop/TDC/Py_SimpleMachine/Memo_Datapath.vhd sub00/vhpl10 1454057843
EN regfz NULL C:/Users/Jabikun/Desktop/TDC/Py_SimpleMachine/RegFZ.vhd sub00/vhpl06 1454057837
EN mux4_4bits NULL C:/Users/Jabikun/Desktop/TDC/Py_SimpleMachine/Mux4_4bits.vhd sub00/vhpl36 1454057861
EN datapath NULL C:/Users/Jabikun/Desktop/TDC/Py_SimpleMachine/Datapath.vhd sub00/vhpl00 1454057839
EN display7seg_4on NULL C:/Users/Jabikun/Desktop/TDC/Py_SimpleMachine/Display7Seg_4ON.vhd sub00/vhpl44 1454057877
EN disp7seg NULL C:/Users/Jabikun/Desktop/TDC/Py_SimpleMachine/Disp7Seg.vhd sub00/vhpl38 1454057863
EN regpc NULL C:/Users/Jabikun/Desktop/TDC/Py_SimpleMachine/RegPC.vhd sub00/vhpl18 1454057857
AR regpc behavioral C:/Users/Jabikun/Desktop/TDC/Py_SimpleMachine/RegPC.vhd sub00/vhpl19 1454057858
AR controlunit behavioral C:/Users/Jabikun/Desktop/TDC/Py_SimpleMachine/ControlUnit.vhd sub00/vhpl25 1454057872
EN ffd NULL C:/Users/Jabikun/Desktop/TDC/Py_SimpleMachine/FFD.vhd sub00/vhpl30 1454057849
AR incpc behavioral C:/Users/Jabikun/Desktop/TDC/Py_SimpleMachine/IncPC.vhd sub00/vhpl21 1454057860
AR disp7seg behavioral C:/Users/Jabikun/Desktop/TDC/Py_SimpleMachine/Disp7Seg.vhd sub00/vhpl39 1454057864
AR ri_memo_datapath structural C:/Users/Jabikun/Desktop/TDC/Py_SimpleMachine/RI_Memo_Datapath.vhd sub00/vhpl15 1454057854
EN debounce NULL C:/Users/Jabikun/Desktop/TDC/Py_SimpleMachine/Debounce.vhd sub00/vhpl34 1454057873
EN debouncefsm NULL C:/Users/Jabikun/Desktop/TDC/Py_SimpleMachine/DebounceFSM.vhd sub00/vhpl28 1454057847
AR clk_1khz behavioral C:/Users/Jabikun/Desktop/TDC/Py_SimpleMachine/CLK_1KHz.vhd sub00/vhpl43 1454057868
AR debouncefsm behavioral C:/Users/Jabikun/Desktop/TDC/Py_SimpleMachine/DebounceFSM.vhd sub00/vhpl29 1454057848
AR simplemachine structural C:/Users/Jabikun/Desktop/TDC/Py_SimpleMachine/SimpleMachine.vhd sub00/vhpl27 1454057876
EN alu_8bits NULL C:/Users/Jabikun/Desktop/TDC/Py_SimpleMachine/ALU_8bits.vhd sub00/vhpl02 1454057833
EN top NULL C:/Users/Jabikun/Desktop/TDC/Py_SimpleMachine/TOP.vhd sub00/vhpl46 1454057879
EN incpc NULL C:/Users/Jabikun/Desktop/TDC/Py_SimpleMachine/IncPC.vhd sub00/vhpl20 1454057859
EN counter_2bits NULL C:/Users/Jabikun/Desktop/TDC/Py_SimpleMachine/Counter_2bits.vhd sub00/vhpl40 1454057865
AR datapath structural C:/Users/Jabikun/Desktop/TDC/Py_SimpleMachine/Datapath.vhd sub00/vhpl01 1454057840
AR alu_8bits behavioral C:/Users/Jabikun/Desktop/TDC/Py_SimpleMachine/ALU_8bits.vhd sub00/vhpl03 1454057834
EN simplemachine NULL C:/Users/Jabikun/Desktop/TDC/Py_SimpleMachine/SimpleMachine.vhd sub00/vhpl26 1454057875
AR debounce structural C:/Users/Jabikun/Desktop/TDC/Py_SimpleMachine/Debounce.vhd sub00/vhpl35 1454057874
AR reg_8bits behavioral C:/Users/Jabikun/Desktop/TDC/Py_SimpleMachine/Reg_8bits.vhd sub00/vhpl05 1454057836
AR reginst behavioral C:/Users/Jabikun/Desktop/TDC/Py_SimpleMachine/RegInst.vhd sub00/vhpl13 1454057846
EN pc_ri_memo_datapath NULL C:/Users/Jabikun/Desktop/TDC/Py_SimpleMachine/PC_RI_Memo_Datapath.vhd sub00/vhpl22 1454057869
AR mpxaddress behavioral C:/Users/Jabikun/Desktop/TDC/Py_SimpleMachine/MpxAddress.vhd sub00/vhpl17 1454057856
AR counter_2bits behavioral C:/Users/Jabikun/Desktop/TDC/Py_SimpleMachine/Counter_2bits.vhd sub00/vhpl41 1454057866
EN controlunit NULL C:/Users/Jabikun/Desktop/TDC/Py_SimpleMachine/ControlUnit.vhd sub00/vhpl24 1454057871
EN memo_8x8 NULL C:/Users/Jabikun/Desktop/TDC/Py_SimpleMachine/Memo_8x8.vhd sub00/vhpl08 1454057841
AR memo_datapath structural C:/Users/Jabikun/Desktop/TDC/Py_SimpleMachine/Memo_Datapath.vhd sub00/vhpl11 1454057844
AR regfz behavioral C:/Users/Jabikun/Desktop/TDC/Py_SimpleMachine/RegFZ.vhd sub00/vhpl07 1454057838
EN mpxaddress NULL C:/Users/Jabikun/Desktop/TDC/Py_SimpleMachine/MpxAddress.vhd sub00/vhpl16 1454057855
EN ri_memo_datapath NULL C:/Users/Jabikun/Desktop/TDC/Py_SimpleMachine/RI_Memo_Datapath.vhd sub00/vhpl14 1454057853
AR pc_ri_memo_datapath structural C:/Users/Jabikun/Desktop/TDC/Py_SimpleMachine/PC_RI_Memo_Datapath.vhd sub00/vhpl23 1454057870
AR timer300ms behavioral C:/Users/Jabikun/Desktop/TDC/Py_SimpleMachine/Timer300ms.vhd sub00/vhpl33 1454057852
EN reg_8bits NULL C:/Users/Jabikun/Desktop/TDC/Py_SimpleMachine/Reg_8bits.vhd sub00/vhpl04 1454057835
AR top structural C:/Users/Jabikun/Desktop/TDC/Py_SimpleMachine/TOP.vhd sub00/vhpl47 1454057880
AR memo_8x8 behavioral C:/Users/Jabikun/Desktop/TDC/Py_SimpleMachine/Memo_8x8.vhd sub00/vhpl09 1454057842
